🔍 15 Total[2m (in 1s)[0m[38;5;82m[1m ✅ 15 OK[0m[38;5;197m[1m 🚫 0 Errors[0m